******************************************************************************
                  TI ARM Linker PC v18.1.4                     
******************************************************************************
>> Linked Wed Nov 13 23:04:15 2019

OUTPUT FILE NAME:   <RGB_4x4.out>
ENTRY POINT SYMBOL: "_c_int00_noinit_noargs"  address: 0000064d


MEMORY CONFIGURATION

         name            origin    length      used     unused   attr    fill
----------------------  --------  ---------  --------  --------  ----  --------
  FLASH                 00000000   00100000  000009dc  000ff624  R  X
  SRAM                  20000000   00040000  00000200  0003fe00  RW X


SEGMENT ALLOCATION MAP

run origin  load origin   length   init length attrs members
----------  ----------- ---------- ----------- ----- -------
00000000    00000000    000009dc   000009dc    r-x
  00000000    00000000    00000200   00000200    r-- .intvecs
  00000200    00000200    00000588   00000588    r-x .text
  00000788    00000788    00000254   00000254    r-- .const
20000000    20000000    00000200   00000000    rw-
  20000000    20000000    00000200   00000000    rw- .stack


SECTION ALLOCATION MAP

 output                                  attributes/
section   page    origin      length       input sections
--------  ----  ----------  ----------   ----------------
.intvecs   0    00000000    00000200     
                  00000000    00000200     startup_ccs.obj (.intvecs)

.text      0    00000200    00000588     
                  00000200    00000200     driverlib.lib : sysctl.obj (.text:SysCtlClockFreqSet)
                  00000400    00000132                   : gpio.obj (.text:GPIOPadConfigSet)
                  00000532    00000002     startup_ccs.obj (.text:FaultISR)
                  00000534    00000064     rgb_4x4.obj (.text:main)
                  00000598    00000048     driverlib.lib : sysctl.obj (.text:_SysCtlFrequencyGet)
                  000005e0    00000038                   : sysctl.obj (.text:SysCtlPeripheralReady)
                  00000618    00000034                   : sysctl.obj (.text:SysCtlPeripheralEnable)
                  0000064c    00000030     rtsv7M4_T_le_v4SPD16_eabi.lib : boot_cortex_m.c.obj (.text:_c_int00_noinit_noargs:_c_int00_noinit_noargs)
                  0000067c    0000002a     driverlib.lib : gpio.obj (.text:GPIODirModeSet)
                  000006a6    00000022     rgb_4x4.obj (.text:send_value)
                  000006c8    00000020     driverlib.lib : sysctl.obj (.text:_SysCtlMemTimingGet)
                  000006e8    00000018                   : gpio.obj (.text:GPIOPinTypeGPIOOutput)
                  00000700    00000018     rgb_4x4.obj (.text:send_0_4x4_rgb)
                  00000718    00000018     rgb_4x4.obj (.text:send_1_4x4_rgb)
                  00000730    00000010     rgb_4x4.obj (.text:IN1_HIGH)
                  00000740    00000010     rgb_4x4.obj (.text:IN1_LOW)
                  00000750    00000010     rgb_4x4.obj (.text:reset_4x4_rgb)
                  00000760    0000000a     rgb_4x4.obj (.text:delay)
                  0000076a    00000006     driverlib.lib : gpio.obj (.text:GPIOPinWrite)
                  00000770    00000006     startup_ccs.obj (.text:ResetISR)
                  00000776    00000006     driverlib.lib : sysctl.obj (.text:SysCtlDelay)
                  0000077c    00000004     rtsv7M4_T_le_v4SPD16_eabi.lib : pre_init.c.obj (.text:_system_pre_init)
                  00000780    00000004                                   : exit.c.obj (.text:abort:abort)
                  00000784    00000002     startup_ccs.obj (.text:IntDefaultHandler)
                  00000786    00000002     startup_ccs.obj (.text:NmiSR)

.const     0    00000788    00000254     
                  00000788    000001b0     driverlib.lib : sysctl.obj (.const:g_pppui32XTALtoVCO)
                  00000938    0000006c                   : sysctl.obj (.const:g_pui32Xtals)
                  000009a4    00000030                   : sysctl.obj (.const:g_sXTALtoMEMTIM)
                  000009d4    00000008                   : sysctl.obj (.const)

.cinit     0    00000000    00000000     UNINITIALIZED

.init_array 
*          0    00000000    00000000     UNINITIALIZED

.stack     0    20000000    00000200     UNINITIALIZED
                  20000000    00000004     rtsv7M4_T_le_v4SPD16_eabi.lib : boot_cortex_m.c.obj (.stack)
                  20000004    000001fc     --HOLE--

MODULE SUMMARY

       Module                code   ro data   rw data
       ------                ----   -------   -------
    .\
       startup_ccs.obj       12     512       0      
       rgb_4x4.obj           240    0         0      
    +--+---------------------+------+---------+---------+
       Total:                252    512       0      
                                                     
    C:/ti/tivaware_c_series_2_1_4_178/driverlib/ccs/Debug/driverlib.lib
       sysctl.obj            730    596       0      
       gpio.obj              378    0         0      
    +--+---------------------+------+---------+---------+
       Total:                1108   596       0      
                                                     
    C:\ti\ccsv8\tools\compiler\ti-cgt-arm_18.1.4.LTS\lib\rtsv7M4_T_le_v4SPD16_eabi.lib
       boot_cortex_m.c.obj   48     0         0      
       exit.c.obj            4      0         0      
       pre_init.c.obj        4      0         0      
    +--+---------------------+------+---------+---------+
       Total:                56     0         0      
                                                     
       Stack:                0      0         512    
    +--+---------------------+------+---------+---------+
       Grand Total:          1416   1108      512    


GLOBAL SYMBOLS: SORTED ALPHABETICALLY BY Name 

address   name                  
-------   ----                  
00000781  C$$EXIT               
0000067d  GPIODirModeSet        
00000401  GPIOPadConfigSet      
000006e9  GPIOPinTypeGPIOOutput 
0000076b  GPIOPinWrite          
00000731  IN1_HIGH              
00000741  IN1_LOW               
00000771  ResetISR              
00000201  SysCtlClockFreqSet    
00000777  SysCtlDelay           
00000619  SysCtlPeripheralEnable
000005e1  SysCtlPeripheralReady 
20000200  __STACK_END           
00000200  __STACK_SIZE          
20000200  __STACK_TOP           
ffffffff  __TI_pprof_out_hndl   
ffffffff  __TI_prof_data_size   
ffffffff  __TI_prof_data_start  
00000000  __TI_static_base__    
ffffffff  __binit__             
ffffffff  __c_args__            
UNDEFED   __mpu_init            
20000000  __stack               
0000064d  _c_int00_noinit_noargs
0000077d  _system_pre_init      
00000781  abort                 
ffffffff  binit                 
00000761  delay                 
00000000  g_pfnVectors          
00000535  main                  
00000751  reset_4x4_rgb         
00000701  send_0_4x4_rgb        
00000719  send_1_4x4_rgb        
000006a7  send_value            


GLOBAL SYMBOLS: SORTED BY Symbol Address 

address   name                  
-------   ----                  
00000000  __TI_static_base__    
00000000  g_pfnVectors          
00000200  __STACK_SIZE          
00000201  SysCtlClockFreqSet    
00000401  GPIOPadConfigSet      
00000535  main                  
000005e1  SysCtlPeripheralReady 
00000619  SysCtlPeripheralEnable
0000064d  _c_int00_noinit_noargs
0000067d  GPIODirModeSet        
000006a7  send_value            
000006e9  GPIOPinTypeGPIOOutput 
00000701  send_0_4x4_rgb        
00000719  send_1_4x4_rgb        
00000731  IN1_HIGH              
00000741  IN1_LOW               
00000751  reset_4x4_rgb         
00000761  delay                 
0000076b  GPIOPinWrite          
00000771  ResetISR              
00000777  SysCtlDelay           
0000077d  _system_pre_init      
00000781  C$$EXIT               
00000781  abort                 
20000000  __stack               
20000200  __STACK_END           
20000200  __STACK_TOP           
ffffffff  __TI_pprof_out_hndl   
ffffffff  __TI_prof_data_size   
ffffffff  __TI_prof_data_start  
ffffffff  __binit__             
ffffffff  __c_args__            
ffffffff  binit                 
UNDEFED   __mpu_init            

[34 symbols]
