******************************************************************************
                  TI ARM Linker PC v18.1.4                     
******************************************************************************
>> Linked Sat Nov  9 17:59:30 2019

OUTPUT FILE NAME:   <RGB_4x4.out>
ENTRY POINT SYMBOL: "_c_int00_noinit_noargs"  address: 0000064d


MEMORY CONFIGURATION

         name            origin    length      used     unused   attr    fill
----------------------  --------  ---------  --------  --------  ----  --------
  FLASH                 00000000   00100000  000009c2  000ff63e  R  X
  SRAM                  20000000   00040000  00000200  0003fe00  RW X


SEGMENT ALLOCATION MAP

run origin  load origin   length   init length attrs members
----------  ----------- ---------- ----------- ----- -------
00000000    00000000    000009c4   000009c4    r-x
  00000000    00000000    00000200   00000200    r-- .intvecs
  00000200    00000200    0000056e   0000056e    r-x .text
  00000770    00000770    00000254   00000254    r-- .const
20000000    20000000    00000200   00000000    rw-
  20000000    20000000    00000200   00000000    rw- .stack


SECTION ALLOCATION MAP

 output                                  attributes/
section   page    origin      length       input sections
--------  ----  ----------  ----------   ----------------
.intvecs   0    00000000    00000200     
                  00000000    00000200     startup_ccs.obj (.intvecs)

.text      0    00000200    0000056e     
                  00000200    00000200     driverlib.lib : sysctl.obj (.text:SysCtlClockFreqSet)
                  00000400    00000132                   : gpio.obj (.text:GPIOPadConfigSet)
                  00000532    00000002     startup_ccs.obj (.text:FaultISR)
                  00000534    00000064     rgb_4x4.obj (.text:main)
                  00000598    00000048     driverlib.lib : sysctl.obj (.text:_SysCtlFrequencyGet)
                  000005e0    00000038                   : sysctl.obj (.text:SysCtlPeripheralReady)
                  00000618    00000034                   : sysctl.obj (.text:SysCtlPeripheralEnable)
                  0000064c    00000030     rtsv7M4_T_le_v4SPD16_eabi.lib : boot_cortex_m.c.obj (.text:_c_int00_noinit_noargs:_c_int00_noinit_noargs)
                  0000067c    0000002a     driverlib.lib : gpio.obj (.text:GPIODirModeSet)
                  000006a6    00000002     startup_ccs.obj (.text:IntDefaultHandler)
                  000006a8    00000020     driverlib.lib : sysctl.obj (.text:_SysCtlMemTimingGet)
                  000006c8    00000018                   : gpio.obj (.text:GPIOPinTypeGPIOOutput)
                  000006e0    00000018     rgb_4x4.obj (.text:send_0_4x4_rgb)
                  000006f8    00000018     rgb_4x4.obj (.text:send_1_4x4_rgb)
                  00000710    00000012     rgb_4x4.obj (.text:delay)
                  00000722    00000002     startup_ccs.obj (.text:NmiSR)
                  00000724    00000010     rgb_4x4.obj (.text:IN1_HIGH)
                  00000734    00000010     rgb_4x4.obj (.text:IN1_LOW)
                  00000744    00000010     rgb_4x4.obj (.text:reset_4x4_rgb)
                  00000754    00000006     driverlib.lib : gpio.obj (.text:GPIOPinWrite)
                  0000075a    00000006     startup_ccs.obj (.text:ResetISR)
                  00000760    00000006     driverlib.lib : sysctl.obj (.text:SysCtlDelay)
                  00000766    00000004     rtsv7M4_T_le_v4SPD16_eabi.lib : pre_init.c.obj (.text:_system_pre_init)
                  0000076a    00000004                                   : exit.c.obj (.text:abort:abort)

.const     0    00000770    00000254     
                  00000770    000001b0     driverlib.lib : sysctl.obj (.const:g_pppui32XTALtoVCO)
                  00000920    0000006c                   : sysctl.obj (.const:g_pui32Xtals)
                  0000098c    00000030                   : sysctl.obj (.const:g_sXTALtoMEMTIM)
                  000009bc    00000008                   : sysctl.obj (.const)

.cinit     0    00000000    00000000     UNINITIALIZED

.init_array 
*          0    00000000    00000000     UNINITIALIZED

.stack     0    20000000    00000200     UNINITIALIZED
                  20000000    00000004     rtsv7M4_T_le_v4SPD16_eabi.lib : boot_cortex_m.c.obj (.stack)
                  20000004    000001fc     --HOLE--

MODULE SUMMARY

       Module                code   ro data   rw data
       ------                ----   -------   -------
    .\
       startup_ccs.obj       12     512       0      
       rgb_4x4.obj           214    0         0      
    +--+---------------------+------+---------+---------+
       Total:                226    512       0      
                                                     
    C:/ti/tivaware_c_series_2_1_4_178/driverlib/ccs/Debug/driverlib.lib
       sysctl.obj            730    596       0      
       gpio.obj              378    0         0      
    +--+---------------------+------+---------+---------+
       Total:                1108   596       0      
                                                     
    C:\ti\ccsv8\tools\compiler\ti-cgt-arm_18.1.4.LTS\lib\rtsv7M4_T_le_v4SPD16_eabi.lib
       boot_cortex_m.c.obj   48     0         0      
       exit.c.obj            4      0         0      
       pre_init.c.obj        4      0         0      
    +--+---------------------+------+---------+---------+
       Total:                56     0         0      
                                                     
       Stack:                0      0         512    
    +--+---------------------+------+---------+---------+
       Grand Total:          1390   1108      512    


GLOBAL SYMBOLS: SORTED ALPHABETICALLY BY Name 

address   name                  
-------   ----                  
0000076b  C$$EXIT               
0000067d  GPIODirModeSet        
00000401  GPIOPadConfigSet      
000006c9  GPIOPinTypeGPIOOutput 
00000755  GPIOPinWrite          
00000725  IN1_HIGH              
00000735  IN1_LOW               
0000075b  ResetISR              
00000201  SysCtlClockFreqSet    
00000761  SysCtlDelay           
00000619  SysCtlPeripheralEnable
000005e1  SysCtlPeripheralReady 
20000200  __STACK_END           
00000200  __STACK_SIZE          
20000200  __STACK_TOP           
ffffffff  __TI_pprof_out_hndl   
ffffffff  __TI_prof_data_size   
ffffffff  __TI_prof_data_start  
00000000  __TI_static_base__    
ffffffff  __binit__             
ffffffff  __c_args__            
UNDEFED   __mpu_init            
20000000  __stack               
0000064d  _c_int00_noinit_noargs
00000767  _system_pre_init      
0000076b  abort                 
ffffffff  binit                 
00000711  delay                 
00000000  g_pfnVectors          
00000535  main                  
00000745  reset_4x4_rgb         
000006e1  send_0_4x4_rgb        
000006f9  send_1_4x4_rgb        


GLOBAL SYMBOLS: SORTED BY Symbol Address 

address   name                  
-------   ----                  
00000000  __TI_static_base__    
00000000  g_pfnVectors          
00000200  __STACK_SIZE          
00000201  SysCtlClockFreqSet    
00000401  GPIOPadConfigSet      
00000535  main                  
000005e1  SysCtlPeripheralReady 
00000619  SysCtlPeripheralEnable
0000064d  _c_int00_noinit_noargs
0000067d  GPIODirModeSet        
000006c9  GPIOPinTypeGPIOOutput 
000006e1  send_0_4x4_rgb        
000006f9  send_1_4x4_rgb        
00000711  delay                 
00000725  IN1_HIGH              
00000735  IN1_LOW               
00000745  reset_4x4_rgb         
00000755  GPIOPinWrite          
0000075b  ResetISR              
00000761  SysCtlDelay           
00000767  _system_pre_init      
0000076b  C$$EXIT               
0000076b  abort                 
20000000  __stack               
20000200  __STACK_END           
20000200  __STACK_TOP           
ffffffff  __TI_pprof_out_hndl   
ffffffff  __TI_prof_data_size   
ffffffff  __TI_prof_data_start  
ffffffff  __binit__             
ffffffff  __c_args__            
ffffffff  binit                 
UNDEFED   __mpu_init            

[33 symbols]
